<html>
<body>
<pre>
<h1>µVision Build Log</h1>
<h2>Tool Versions:</h2>
IDE-Version: ¦ÌVision V5.37.0.0
Copyright (C) 2022 ARM Ltd and ARM Germany GmbH. All rights reserved.
License Information:  ,  , LIC=GMZI6-DG717-QDFKD-8DZAF-RH7EH-VM88M
 
Tool Versions:
Toolchain:       MDK-ARM Plus  Version: 5.37.0.0
Toolchain Path:  D:\Keil_v5\ARM\ARMCC\Bin
C Compiler:      Armcc.exe V5.06 update 6 (build 750)
Assembler:       Armasm.exe V5.06 update 6 (build 750)
Linker/Locator:  ArmLink.exe V5.06 update 6 (build 750)
Library Manager: ArmAr.exe V5.06 update 6 (build 750)
Hex Converter:   FromElf.exe V5.06 update 6 (build 750)
CPU DLL:         SARMCM3.DLL V5.37.0.0
Dialog DLL:      DCM.DLL V1.17.5.0
Target DLL:      UL2CM3.DLL V1.164.7.0
Dialog DLL:      TCM.DLL V1.56.1.0
 
<h2>Project:</h2>
F:\Desktop\stm32f103c8t6_small_boot\MDK-ARM\boot.uvprojx
Project File Date:  05/18/2024

<h2>Output:</h2>
*** Using Compiler 'V5.06 update 6 (build 750)', folder: 'D:\Keil_v5\ARM\ARMCC\Bin'
Rebuild target 'boot'
assembling startup_stm32f103xb.s...
compiling FlashDev.c...
compiling FlashPrg.c...
compiling system_stm32f1xx.c...
compiling stm32f1xx_ll_gpio.c...
compiling stm32f1xx_ll_rtc.c...
compiling stm32f1xx_ll_rcc.c...
compiling stm32f1xx_ll_usart.c...
compiling usart.c...
compiling main.c...
../Core/Src/main.c(92): warning:  #177-D: function "prvUsartSendData"  was declared but never referenced
  static void prvUsartSendData(USART_TypeDef *xUsart, uint8_t *puc, uint32_t ulSize)
../Core/Src/main.c: 1 warning, 0 errors
compiling stm32f1xx_it.c...
linking...
Program Size: Code=1080 RO-data=32 RW-data=0 ZI-data=864  
FromELF: creating hex file...
After Build - User command #1: fromelf.exe --bin -o "boot\boot.bin" "boot\boot.axf"
After Build - User command #2: fromelf.exe --text -a -c -o "boot\boot.dis" "boot\boot.axf"
"boot\boot.axf" - 0 Error(s), 1 Warning(s).

<h2>Software Packages used:</h2>

Package Vendor: ARM
                https://www.keil.com/pack/ARM.CMSIS.6.0.0.pack
                ARM.CMSIS.6.0.0
                CMSIS (Common Microcontroller Software Interface Standard)
   * Component: CORE Version: 6.0.0

Package Vendor: Keil
                https://www.keil.com/pack/Keil.STM32F1xx_DFP.2.4.1.pack
                Keil.STM32F1xx_DFP.2.4.1
                STMicroelectronics STM32F1 Series Device Support, Drivers and Examples

<h2>Collection of Component include folders:</h2>
  ./RTE/_boot
  D:/Keil_v5/Packs/ARM/CMSIS/6.0.0/CMSIS/Core/Include
  D:/Keil_v5/Packs/Keil/STM32F1xx_DFP/2.4.1/Device/Include

<h2>Collection of Component Files used:</h2>

   * Component: ARM::CMSIS:CORE:6.0.0
      Include file:  CMSIS/Core/Include/tz_context.h
Build Time Elapsed:  00:00:02
</pre>
</body>
</html>
